Sjasm Z80 Assembler v0.42c - www.xl2s.tk             [2020.06.24 - 04:00:27]

src/music.asm
Errors: 0

       1   00:0000                              output "music.bin"
       2   00:BF00                      ;music.bin necestia 800 bytes para alojarse en la RAM, en basic tenemos hasta la direccion &hf380-800= eb00
       3   00:BF00  FE                      db   #fe               ; ID archivo binario, siempre hay que poner el mismo 0FEh
       4   00:BF01  00 BF                   dw   INICIO            ; dirección de inicio
       5   00:BF03  08 C7                   dw   FINAL - 1         ; dirección final
       6   00:BF05  00 BF                   dw   INICIO            ; dircción del programa de ejecución (para cuando pongas r en bload"nombre_programa", r)
       7   00:BF07                      
       8   00:BF07                          org #bf00 ; org se utiliza para decirle al z80 en que posición de memoria empieza nuestro programa (es la 33280 en decimal), en hezadecimal sería #8200
       9   00:BF00                          ; Las variables del pt3_player está definidas en el archivo PT3_player.asm en la dirección #f000
      10   00:BF00                      INICIO:
      11   00:BF00                      inicilizar_tracker:
      12   00:BF00                          ;Deactivamos las interrupciones
      13   00:BF00  F3                      di	
      14   00:BF01  21 C7 C4            	ld		hl,SONG-99		; hl vale la direccion donde se encuentra la cancion - 99
      15   00:BF04  CD 3B BF            	call	PT3_INIT			; Inicia el reproductor de PT3
      16   00:BF07                          ;Activamos las interrupciones
      17   00:BF07  FB                  	ei 
      18   00:BF08                          ;Volvemos al basic
      19   00:BF08  C9                      ret
      20   00:BF09                      
      21   00:BF09                      reproducir_bloque_musica:
      22   00:BF09                          ;------------------Reproducir Bloque de múscia--------
      23   00:BF09  76                      halt						;sincronizacion
      24   00:BF0A  F3                  	di
      25   00:BF0B  CD 80 C4            	call	PT3_ROUT			;Borrar el valor anterior
      26   00:BF0E  CD 88 C3            	call	PT3_PLAY			;Reproduce el siguiente trozo de canción
      27   00:BF11  FB                      ei
      28   00:BF12                          ;--------------Fin de reproducir bloque de música-----
      29   00:BF12                          ;Volvemos al basic
      30   00:BF12  C9                      ret
      31   00:BF13                      para_cancion:
      32   00:BF13  CD 2F BF                call PT3_MUTE
      33   00:BF16  C9                      ret
      34   00:BF17                      evitar_repeticion_cancion:
      35   00:BF17  3A F8 F7                ld a, (#f7f8)
      36   00:BF1A  32 00 F0                ld (PT3_SETUP),a
      37   00:BF1D  C9                      ret
      38   00:BF1E                      tracker:
      39   00:BF1E                      	include	"./src/PT3_player.asm"					;replayer de PT3
       1.  00:BF1E                      		; --- PT3 REPLAYER WORKING ON ROM ---
       2.  00:BF1E                      		; --- Can be assembled with asMSX ---
       3.  00:BF1E                      		; --- ROM version: MSX-KUN        ---
       4.  00:BF1E                      		; --- asMSX version 2: SapphiRe   ---
       5.  00:BF1E                      
       6.  00:BF1E                      ; Based on MSX full version of PT3 by Dioniso
       7.  00:BF1E                      ;
       8.  00:BF1E                      ; This version of the replayer can be used with any note table
       9.  00:BF1E                      ; This version also allows the use of PT3 commands
      10.  00:BF1E                      ; First 99 bytes of each PT3 module should be stripped off
      11.  00:BF1E                      ;
      12.  00:BF1E                      ; PLAY and PSG WRITE routines seperated to allow independent calls
      13.  00:BF1E                      ;
      14.  00:BF1E                      ; ROM LENGTH: 1549 bytes
      15.  00:BF1E                      ; RAM LENGTH:  576 bytes
      16.  00:BF1E                      
      17.  00:BF1E                      
      18.  00:BF1E                      
      19.  00:BF1E                      ;SJASM version by BTV 2016
      20.  00:BF1E                      
      21.  00:BF1E                      
      22.  00:BF1E                      		; --- CONSTANT VALUES DEFINITION ---
      23.  00:BF1E                      
      24.  00:BF1E                      ;ChannelsVars
      25.  00:BF1E                      ;struc	CHNPRM
      26.  00:BF1E                      ;reset group
      27.  00:BF1E  (00:0000)           CHNPRM_PsInOr	equ 0	;RESB 1
      28.  00:BF1E  (00:0001)           CHNPRM_PsInSm	equ 1	;RESB 1
      29.  00:BF1E  (00:0002)           CHNPRM_CrAmSl	equ 2	;RESB 1
      30.  00:BF1E  (00:0003)           CHNPRM_CrNsSl	equ 3	;RESB 1
      31.  00:BF1E  (00:0004)           CHNPRM_CrEnSl	equ 4	;RESB 1
      32.  00:BF1E  (00:0005)           CHNPRM_TSlCnt	equ 5	;RESB 1
      33.  00:BF1E  (00:0006)           CHNPRM_CrTnSl	equ 6	;RESW 1
      34.  00:BF1E  (00:0008)           CHNPRM_TnAcc	equ 8	;RESW 1
      35.  00:BF1E  (00:000A)           CHNPRM_COnOff	equ 10	;RESB 1
      36.  00:BF1E                      ;reset group
      37.  00:BF1E                      
      38.  00:BF1E  (00:000B)           CHNPRM_OnOffD	equ 11	;RESB 1
      39.  00:BF1E                      
      40.  00:BF1E                      ;IX for PTDECOD here [+12]
      41.  00:BF1E  (00:000C)           CHNPRM_OffOnD	equ 12	;RESB 1
      42.  00:BF1E  (00:000D)           CHNPRM_OrnPtr	equ 13	;RESW 1
      43.  00:BF1E  (00:000F)           CHNPRM_SamPtr	equ 15	;RESW 1
      44.  00:BF1E  (00:0011)           CHNPRM_NNtSkp	equ 17	;RESB 1
      45.  00:BF1E  (00:0012)           CHNPRM_Note	equ 18	;RESB 1
      46.  00:BF1E  (00:0013)           CHNPRM_SlToNt	equ 19	;RESB 1
      47.  00:BF1E  (00:0014)           CHNPRM_Env_En	equ 20	;RESB 1
      48.  00:BF1E  (00:0015)           CHNPRM_Flags	equ 21	;RESB 1
      49.  00:BF1E                       ;Enabled - 0,SimpleGliss - 2
      50.  00:BF1E  (00:0016)           CHNPRM_TnSlDl	equ 22	;RESB 1
      51.  00:BF1E  (00:0017)           CHNPRM_TSlStp	equ 23	;RESW 1
      52.  00:BF1E  (00:0019)           CHNPRM_TnDelt	equ 25	;RESW 1
      53.  00:BF1E  (00:001B)           CHNPRM_NtSkCn	equ 27	;RESB 1
      54.  00:BF1E  (00:001C)           CHNPRM_Volume	equ 28	;RESB 1
      55.  00:BF1E  (00:001D)           CHNPRM_Size	equ 29	;RESB 1
      56.  00:BF1E                      ;endstruc
      57.  00:BF1E                      
      58.  00:BF1E                      ;struc	AR
      59.  00:BF1E  (00:0000)           AR_TonA		equ 0	;RESW 1
      60.  00:BF1E  (00:0002)           AR_TonB		equ 2	;RESW 1
      61.  00:BF1E  (00:0004)           AR_TonC		equ 4	;RESW 1
      62.  00:BF1E  (00:0006)           AR_Noise	equ 6	;RESB 1
      63.  00:BF1E  (00:0007)           AR_Mixer	equ 7	;RESB 1
      64.  00:BF1E  (00:0008)           AR_AmplA	equ 8	;RESB 1
      65.  00:BF1E  (00:0009)           AR_AmplB	equ 9	;RESB 1
      66.  00:BF1E  (00:000A)           AR_AmplC	equ 10	;RESB 1
      67.  00:BF1E  (00:000B)           AR_Env		equ 11	;RESW 1
      68.  00:BF1E  (00:000D)           AR_EnvTp	equ 13	;RESB 1
      69.  00:BF1E                      ;endstruc
      70.  00:BF1E                       
      71.  00:BF1E                      		; --- CODE STARTS HERE ---
      72.  00:BF1E                      
      73.  00:BF1E  21 00 F0            CHECKLP:	LD	HL,PT3_SETUP
      74.  00:BF21  CB FE               		SET	7,[HL]
      75.  00:BF23  CB 46               		BIT	0,[HL]
      76.  00:BF25  C8                  		RET	Z
      77.  00:BF26  E1                  		POP	HL
      78.  00:BF27  21 7A F0            		LD	HL,DelyCnt
      79.  00:BF2A  34                  		INC	[HL]
      80.  00:BF2B  21 3E F0            		LD	HL,ChanA+CHNPRM_NtSkCn
      81.  00:BF2E  34                  		INC	[HL]
      82.  00:BF2F  AF                  PT3_MUTE:	XOR	A
      83.  00:BF30  67                  		LD	H,A
      84.  00:BF31  6F                  		LD	L,A
      85.  00:BF32  32 48 F1            		LD	[AYREGS+AR_AmplA],A
      86.  00:BF35  22 49 F1            		LD	[AYREGS+AR_AmplB],HL
      87.  00:BF38  C3 81 C4            		JP	ROUT_A0
      88.  00:BF3B                      
      89.  00:BF3B                      PT3_INIT:	;HL - AddressOfModule - 100
      90.  00:BF3B  22 01 F0            		LD [PT3_MODADDR],HL
      91.  00:BF3E  E5                  		PUSH HL
      92.  00:BF3F  11 64 00            		LD DE,100
      93.  00:BF42  19                  		ADD HL,DE
      94.  00:BF43  7E                  		LD A,[HL]
      95.  00:BF44  32 1C F0            		LD [PT3_Delay],A
      96.  00:BF47  E5                  		PUSH HL
      97.  00:BF48  DD E1               		POP IX
      98.  00:BF4A  19                  		ADD HL,DE
      99.  00:BF4B  22 03 F0            		LD [PT3_CrPsPtr],HL
     100.  00:BF4E  DD 5E 02            		LD E,[IX+102-100]
     101.  00:BF51  19                  		ADD HL,DE
     102.  00:BF52  23                  		INC HL
     103.  00:BF53  22 18 F0            		LD [PT3_LPosPtr],HL
     104.  00:BF56  D1                  		POP DE
     105.  00:BF57  DD 6E 03            		LD L,[IX+103-100]
     106.  00:BF5A  DD 66 04            		LD H,[IX+104-100]
     107.  00:BF5D  19                  		ADD HL,DE
     108.  00:BF5E  22 1A F0            		LD [PT3_PatsPtr],HL
     109.  00:BF61  21 A9 00            		LD HL,169
     110.  00:BF64  19                  		ADD HL,DE
     111.  00:BF65  22 07 F0            		LD [PT3_OrnPtrs],HL
     112.  00:BF68  21 69 00            		LD HL,105
     113.  00:BF6B  19                  		ADD HL,DE
     114.  00:BF6C  22 05 F0            		LD [PT3_SAMPTRS],HL
     115.  00:BF6F  21 00 F0            		LD HL,PT3_SETUP
     116.  00:BF72  CB BE               		RES 7,[HL]
     117.  00:BF74                      
     118.  00:BF74                      		; --- note table data depacker ---
     119.  00:BF74                      		; Depacks first 12 tones of each tone table
     120.  00:BF74                      
     121.  00:BF74  11 F5 C4            		LD DE,T_PACK
     122.  00:BF77  01 B1 F1            		LD BC,T1_+(2*49)-1
     123.  00:BF7A  1A                  .TP_0:		LD A,[DE]
     124.  00:BF7B  13                  		INC DE
     125.  00:BF7C  FE 1E               		CP 15*2
     126.  00:BF7E  30 06               		JR NC,.TP_1
     127.  00:BF80  67                  		LD H,A
     128.  00:BF81  1A                  		LD A,[DE]
     129.  00:BF82  6F                  		LD L,A
     130.  00:BF83  13                  		INC DE
     131.  00:BF84  18 07               		JR .TP_2
     132.  00:BF86  D5                  .TP_1:		PUSH DE
     133.  00:BF87  16 00               		LD D,0
     134.  00:BF89  5F                  		LD E,A
     135.  00:BF8A  19                  		ADD HL,DE
     136.  00:BF8B  19                  		ADD HL,DE
     137.  00:BF8C  D1                  		POP DE
     138.  00:BF8D  7C                  .TP_2:		LD A,H
     139.  00:BF8E  02                  		LD [BC],A
     140.  00:BF8F  0B                  		DEC BC
     141.  00:BF90  7D                  		LD A,L
     142.  00:BF91  02                  		LD [BC],A
     143.  00:BF92  0B                  		DEC BC
     144.  00:BF93  D6 F0               		SUB $F0
     145.  00:BF95  20 E3               		JR NZ,.TP_0
     146.  00:BF97                      
     147.  00:BF97                      		; --- INITIALIZE PT3 VARIABLES ---
     148.  00:BF97  21 23 F0            		LD HL,VARS
     149.  00:BF9A  77                  		LD [HL],A
     150.  00:BF9B  11 24 F0            		LD DE,VARS+1
     151.  00:BF9E  01 2C 01            		LD BC,VAR0END-VARS-1
     152.  00:BFA1  ED B0               		LDIR
     153.  00:BFA3                      
     154.  00:BFA3  3C                  		INC A
     155.  00:BFA4  32 7A F0            		LD [DelyCnt],A
     156.  00:BFA7  21 01 F0            		LD HL,$F001 ;H - CHNPRM_Volume, L - CHNPRM_NtSkCn
     157.  00:BFAA  22 3E F0            		LD [ChanA+CHNPRM_NtSkCn],HL
     158.  00:BFAD  22 5B F0            		LD [ChanB+CHNPRM_NtSkCn],HL
     159.  00:BFB0  22 78 F0            		LD [ChanC+CHNPRM_NtSkCn],HL
     160.  00:BFB3                      
     161.  00:BFB3  21 F1 C4            		LD HL,EMPTYSAMORN
     162.  00:BFB6  22 12 F0            		LD [PT3_AdInPtA],HL ;ptr to zero
     163.  00:BFB9  22 30 F0            		LD [ChanA+CHNPRM_OrnPtr],HL ;ornament 0 is "0,1,0"
     164.  00:BFBC  22 4D F0            		LD [ChanB+CHNPRM_OrnPtr],HL ;in all versions from
     165.  00:BFBF  22 6A F0            		LD [ChanC+CHNPRM_OrnPtr],HL ;3.xx to 3.6x and VTII
     166.  00:BFC2                      
     167.  00:BFC2  22 32 F0            		LD [ChanA+CHNPRM_SamPtr],HL ;S1 There is no default
     168.  00:BFC5  22 4F F0            		LD [ChanB+CHNPRM_SamPtr],HL ;S2 sample in PT3, so, you
     169.  00:BFC8  22 6C F0            		LD [ChanC+CHNPRM_SamPtr],HL ;S3 can comment S1,2,3; see
     170.  00:BFCB                      					    ;also EMPTYSAMORN comment
     171.  00:BFCB                      
     172.  00:BFCB                      		; --- NOTE TABLE CREATOR (c) Ivan Roshin, adapted by SapphiRe ---
     173.  00:BFCB  DD 7E FF            		LD A,[IX+99-100] ;TONE TABLE NUMBER
     174.  00:BFCE  17                  		RLA
     175.  00:BFCF  E6 07               		AND 7
     176.  00:BFD1  21 A1 C4            		LD HL,NT_DATA
     177.  00:BFD4  D5                  		PUSH DE
     178.  00:BFD5  50                  		LD D,B		; ld d,0 (bc is 0000 after LDIR)
     179.  00:BFD6  87                  		ADD A,A
     180.  00:BFD7  5F                  		LD E,A
     181.  00:BFD8  19                  		ADD HL,DE	; hl -> init of correct note table data
     182.  00:BFD9  5E                  		LD E,[HL]
     183.  00:BFDA  23                  		INC HL
     184.  00:BFDB  CB 3B               		SRL E
     185.  00:BFDD  9F                  		SBC A,A
     186.  00:BFDE  E6 A7               		AND $A7			;$00 (NOP) or $A7 (AND A)
     187.  00:BFE0  32 21 F0            		LD [PT3_NTL3],A		; CORRECT INSTRUCTION, DEPENDS OF SELECTED TABLE
     188.  00:BFE3  3E C9               		LD A,$C9		; RET CODE
     189.  00:BFE5  32 22 F0            		LD [PT3_NTL3+1],A	; RET PLACED
     190.  00:BFE8  EB                  		EX DE,HL
     191.  00:BFE9  C1                  		POP BC ;BC=T1_
     192.  00:BFEA  09                  		ADD HL,BC
     193.  00:BFEB                      
     194.  00:BFEB  1A                  		LD A,[DE]                           
     195.  00:BFEC                      
     196.  00:BFEC  01 B1 C4            		LD BC,T_
     197.  00:BFEF  81                  		ADD A,C
     198.  00:BFF0  4F                  		LD C,A
     199.  00:BFF1  88                  		ADC A,B
     200.  00:BFF2                      
     201.  00:BFF2  91                  		SUB C
     202.  00:BFF3  47                  		LD B,A
     203.  00:BFF4  C5                  		PUSH BC
     204.  00:BFF5  11 80 F0            		LD DE,NT_
     205.  00:BFF8  D5                  		PUSH DE
     206.  00:BFF9                      
     207.  00:BFF9  06 0C               		LD B,12
     208.  00:BFFB  C5                  .L1:		PUSH BC
     209.  00:BFFC  4E                  		LD C,[HL]
     210.  00:BFFD  23                  		INC HL
     211.  00:BFFE  E5                  		PUSH HL
     212.  00:BFFF  46                  		LD B,[HL]
     213.  00:C000                      
     214.  00:C000  D5                  		PUSH DE
     215.  00:C001  EB                  		EX DE,HL
     216.  00:C002  11 17 00            		LD DE,23
     217.  00:C005  DD 26 08            		db $DD,$26,$08	;LD XH,8
     218.  00:C008                      
     219.  00:C008  CB 38               .L2:		SRL B
     220.  00:C00A  CB 19               		RR C
     221.  00:C00C  CD 21 F0            .L3:		CALL PT3_NTL3	;AND A or NOP
     222.  00:C00F  79                  		LD A,C
     223.  00:C010  8A                  		ADC A,D	;=ADC 0
     224.  00:C011  77                  		LD [HL],A
     225.  00:C012  23                  		INC HL
     226.  00:C013  78                  		LD A,B
     227.  00:C014  8A                  		ADC A,D
     228.  00:C015  77                  		LD [HL],A
     229.  00:C016  19                  		ADD HL,DE
     230.  00:C017  DD 25               		db $DD,$25	;DEC XH
     231.  00:C019  20 ED               		JR NZ,.L2
     232.  00:C01B                      
     233.  00:C01B  D1                  		POP DE
     234.  00:C01C  13                  		INC DE
     235.  00:C01D  13                  		INC DE
     236.  00:C01E  E1                  		POP HL
     237.  00:C01F  23                  		INC HL
     238.  00:C020  C1                  		POP BC
     239.  00:C021  10 D8               		DJNZ .L1
     240.  00:C023                      
     241.  00:C023  E1                  		POP HL
     242.  00:C024  D1                  		POP DE
     243.  00:C025                      
     244.  00:C025  7B                  		LD A,E
     245.  00:C026  D5                  		PUSH DE
     246.  00:C027  11 BD C4            		LD DE,TCOLD_1
     247.  00:C02A  BB                  		CP E
     248.  00:C02B  D1                  		POP DE
     249.  00:C02C  20 05               		JR NZ,.CORR_1
     250.  00:C02E  3E FD               		LD A,$FD
     251.  00:C030  32 AE F0            		LD [NT_+$2E],A
     252.  00:C033                      
     253.  00:C033  1A                  .CORR_1:	LD A,[DE]
     254.  00:C034  A7                  		AND A
     255.  00:C035  28 11               		JR Z,.TC_EXIT
     256.  00:C037  1F                  		RRA
     257.  00:C038  F5                  		PUSH AF
     258.  00:C039  87                  		ADD A,A
     259.  00:C03A  4F                  		LD C,A
     260.  00:C03B  09                  		ADD HL,BC
     261.  00:C03C  F1                  		POP AF
     262.  00:C03D  30 02               		JR NC,.CORR_2
     263.  00:C03F  35                  		DEC [HL]
     264.  00:C040  35                  		DEC [HL]
     265.  00:C041  34                  .CORR_2:	INC [HL]
     266.  00:C042  A7                  		AND A
     267.  00:C043  ED 42               		SBC HL,BC
     268.  00:C045  13                  		INC DE
     269.  00:C046  18 EB               		JR .CORR_1
     270.  00:C048                      
     271.  00:C048                      .TC_EXIT:	;POP AF
     272.  00:C048                      
     273.  00:C048                      		; --- CREATE PT3 VOLUME TABLE (c) Ivan Roshin, adapted by SapphiRe ---
     274.  00:C048  21 11 00            		ld	hl,$11
     275.  00:C04B  54                  		ld	d,h
     276.  00:C04C  5C                  		ld	e,h
     277.  00:C04D  DD 21 50 F1         		ld	IX,VT_+16
     278.  00:C051  06 0F               		ld	b,15
     279.  00:C053  E5                  .INITV1:	push	hl
     280.  00:C054  19                  		add	hl,de
     281.  00:C055  EB                  		ex	de,hl
     282.  00:C056  ED 62               		sbc	hl,hl
     283.  00:C058  48                  		ld	c,b
     284.  00:C059  06 10               		ld	b,16
     285.  00:C05B  7D                  .INITV2:	ld	a,l
     286.  00:C05C  17                  		rla
     287.  00:C05D  7C                  		ld	a,h
     288.  00:C05E  CE 00               		adc	a,0
     289.  00:C060  DD 77 00            		ld	[ix],a
     290.  00:C063  DD 23               		inc	ix
     291.  00:C065  19                  		add	hl,de
     292.  00:C066  10 F3               		djnz	.INITV2
     293.  00:C068  E1                  		pop	hl
     294.  00:C069  7B                  		ld	a,e
     295.  00:C06A  FE 77               		cp	$77
     296.  00:C06C  20 01               		jr	nz,.INITV3
     297.  00:C06E  1C                  		inc	e
     298.  00:C06F  41                  .INITV3:	ld	b,c
     299.  00:C070  10 E1               		djnz	.INITV1
     300.  00:C072                      
     301.  00:C072  C9                  		RET
     302.  00:C073                      
     303.  00:C073                      		;pattern decoder
     304.  00:C073  DD 36 08 00         PD_OrSm:	LD [IX+(CHNPRM_Env_En-12)],0
     305.  00:C077  CD FD C1            		CALL SETORN
     306.  00:C07A  0A                  		LD A,[BC]
     307.  00:C07B  03                  		INC BC
     308.  00:C07C  0F                  		RRCA
     309.  00:C07D                      
     310.  00:C07D  87                  PD_SAM:		ADD A,A
     311.  00:C07E  5F                  PD_SAM_:	LD E,A
     312.  00:C07F  16 00               		LD D,0
     313.  00:C081  2A 05 F0            		LD HL,[PT3_SAMPTRS]
     314.  00:C084  19                  		ADD HL,DE
     315.  00:C085  5E                  		LD E,[HL]
     316.  00:C086  23                  		INC HL
     317.  00:C087  56                  		LD D,[HL]
     318.  00:C088  2A 01 F0            		LD HL,[PT3_MODADDR]
     319.  00:C08B  19                  		ADD HL,DE
     320.  00:C08C  DD 75 03            		LD [IX+(CHNPRM_SamPtr-12)],L
     321.  00:C08F  DD 74 04            		LD [IX+(CHNPRM_SamPtr+1-12)],H
     322.  00:C092  18 41               		JR PD_LOOP
     323.  00:C094                      
     324.  00:C094  07                  PD_VOL:		RLCA
     325.  00:C095  07                  		RLCA
     326.  00:C096  07                  		RLCA
     327.  00:C097  07                  		RLCA
     328.  00:C098  DD 77 10            		LD [IX+(CHNPRM_Volume-12)],A
     329.  00:C09B  18 3B               		JR PD_LP2
     330.  00:C09D                      	
     331.  00:C09D  DD 77 08            PD_EOff:	LD [IX+(CHNPRM_Env_En-12)],A
     332.  00:C0A0  DD 77 F4            		LD [IX+(CHNPRM_PsInOr-12)],A
     333.  00:C0A3  18 33               		JR PD_LP2
     334.  00:C0A5                      
     335.  00:C0A5  3D                  PD_SorE:	DEC A
     336.  00:C0A6  20 07               		JR NZ,PD_ENV
     337.  00:C0A8  0A                  		LD A,[BC]
     338.  00:C0A9  03                  		INC BC
     339.  00:C0AA  DD 77 05            		LD [IX+(CHNPRM_NNtSkp-12)],A
     340.  00:C0AD  18 29               		JR PD_LP2
     341.  00:C0AF                      
     342.  00:C0AF  CD E1 C1            PD_ENV:		CALL SETENV
     343.  00:C0B2  18 24               		JR PD_LP2
     344.  00:C0B4                      
     345.  00:C0B4  CD FD C1            PD_ORN:		CALL SETORN
     346.  00:C0B7  18 1C               		JR PD_LOOP
     347.  00:C0B9                             
     348.  00:C0B9  DD 77 08            PD_ESAM:	LD [IX+(CHNPRM_Env_En-12)],A
     349.  00:C0BC  DD 77 F4            		LD [IX+(CHNPRM_PsInOr-12)],A
     350.  00:C0BF  C4 E1 C1            		CALL NZ,SETENV
     351.  00:C0C2  0A                  		LD A,[BC]
     352.  00:C0C3  03                  		INC BC
     353.  00:C0C4  18 B8               		JR PD_SAM_
     354.  00:C0C6                      
     355.  00:C0C6  DD 7E 06            PTDECOD:	LD A,[IX+(CHNPRM_Note-12)]
     356.  00:C0C9  32 0F F0            		LD [PT3_PrNote],A
     357.  00:C0CC  DD 6E FA            		LD L,[IX+(CHNPRM_CrTnSl-12)]
     358.  00:C0CF  DD 66 FB            		LD H,[IX+(CHNPRM_CrTnSl+1-12)]
     359.  00:C0D2  22 10 F0            		LD [PT3_PrSlide],HL
     360.  00:C0D5                      
     361.  00:C0D5  11 10 20            PD_LOOP:	LD DE,$2010
     362.  00:C0D8  0A                  PD_LP2:		LD A,[BC]
     363.  00:C0D9  03                  		INC BC
     364.  00:C0DA  83                  		ADD A,E
     365.  00:C0DB  38 96               		JR C,PD_OrSm
     366.  00:C0DD  82                  		ADD A,D
     367.  00:C0DE  28 4A               		JR Z,PD_FIN
     368.  00:C0E0  38 9B               		JR C,PD_SAM
     369.  00:C0E2  83                  		ADD A,E
     370.  00:C0E3  28 25               		JR Z,PD_REL
     371.  00:C0E5  38 AD               		JR C,PD_VOL
     372.  00:C0E7  83                  		ADD A,E
     373.  00:C0E8  28 B3               		JR Z,PD_EOff
     374.  00:C0EA  38 B9               		JR C,PD_SorE
     375.  00:C0EC  C6 60               		ADD A,96
     376.  00:C0EE  38 20               		JR C,PD_NOTE
     377.  00:C0F0  83                  		ADD A,E
     378.  00:C0F1  38 C1               		JR C,PD_ORN
     379.  00:C0F3  82                  		ADD A,D
     380.  00:C0F4  38 0F               		JR C,PD_NOIS
     381.  00:C0F6  83                  		ADD A,E
     382.  00:C0F7  38 C0               		JR C,PD_ESAM
     383.  00:C0F9  87                  		ADD A,A
     384.  00:C0FA  5F                  		LD E,A
     385.  00:C0FB  21 36 A1            		LD HL,(SPCCOMS+$DF20) % 65536	; Adapted from original Speccy version (saves 6 bytes)
     386.  00:C0FE  19                  		ADD HL,DE
     387.  00:C0FF  5E                  		LD E,[HL]
     388.  00:C100  23                  		INC HL
     389.  00:C101  56                  		LD D,[HL]
     390.  00:C102  D5                  		PUSH DE
     391.  00:C103  18 D0               		JR PD_LOOP
     392.  00:C105                      
     393.  00:C105  32 7E F0            PD_NOIS:	LD [Ns_Base],A
     394.  00:C108  18 CE               		JR PD_LP2
     395.  00:C10A                      
     396.  00:C10A  DD CB 09 86         PD_REL:		RES 0,[IX+(CHNPRM_Flags-12)]
     397.  00:C10E  18 08               		JR PD_RES
     398.  00:C110                      	
     399.  00:C110  DD 77 06            PD_NOTE:	LD [IX+(CHNPRM_Note-12)],A
     400.  00:C113  DD CB 09 C6         		SET 0,[IX+(CHNPRM_Flags-12)]
     401.  00:C117  AF                  		XOR A
     402.  00:C118                      
     403.  00:C118  ED 73 09 F0         PD_RES:		LD [PT3_PDSP],SP
     404.  00:C11C  DD F9               		LD SP,IX
     405.  00:C11E  67                  		LD H,A
     406.  00:C11F  6F                  		LD L,A
     407.  00:C120  E5                  		PUSH HL
     408.  00:C121  E5                  		PUSH HL
     409.  00:C122  E5                  		PUSH HL
     410.  00:C123  E5                  		PUSH HL
     411.  00:C124  E5                  		PUSH HL
     412.  00:C125  E5                  		PUSH HL
     413.  00:C126  ED 7B 09 F0         		LD SP,[PT3_PDSP]
     414.  00:C12A                      
     415.  00:C12A  DD 7E 05            PD_FIN:		LD A,[IX+(CHNPRM_NNtSkp-12)]
     416.  00:C12D  DD 77 0F            		LD [IX+(CHNPRM_NtSkCn-12)],A
     417.  00:C130  C9                  		RET
     418.  00:C131                      
     419.  00:C131  DD CB 09 96         C_PORTM:	RES 2,[IX+(CHNPRM_Flags-12)]
     420.  00:C135  0A                  		LD A,[BC]
     421.  00:C136  03                  		INC BC
     422.  00:C137                      		;SKIP PRECALCULATED TONE DELTA [BECAUSE
     423.  00:C137                      		;CANNOT BE RIGHT AFTER PT3 COMPILATION]
     424.  00:C137  03                  		INC BC
     425.  00:C138  03                  		INC BC
     426.  00:C139  DD 77 0A            		LD [IX+(CHNPRM_TnSlDl-12)],A
     427.  00:C13C  DD 77 F9            		LD [IX+(CHNPRM_TSlCnt-12)],A
     428.  00:C13F  11 80 F0            		LD DE,NT_
     429.  00:C142  DD 7E 06            		LD A,[IX+(CHNPRM_Note-12)]
     430.  00:C145  DD 77 07            		LD [IX+(CHNPRM_SlToNt-12)],A
     431.  00:C148  87                  		ADD A,A
     432.  00:C149  6F                  		LD L,A
     433.  00:C14A  26 00               		LD H,0
     434.  00:C14C  19                  		ADD HL,DE
     435.  00:C14D  7E                  		LD A,[HL]
     436.  00:C14E  23                  		INC HL
     437.  00:C14F  66                  		LD H,[HL]
     438.  00:C150  6F                  		LD L,A
     439.  00:C151  E5                  		PUSH HL
     440.  00:C152  3A 0F F0            		LD A,[PT3_PrNote]
     441.  00:C155  DD 77 06            		LD [IX+(CHNPRM_Note-12)],A
     442.  00:C158  87                  		ADD A,A
     443.  00:C159  6F                  		LD L,A
     444.  00:C15A  26 00               		LD H,0
     445.  00:C15C  19                  		ADD HL,DE
     446.  00:C15D  5E                  		LD E,[HL]
     447.  00:C15E  23                  		INC HL
     448.  00:C15F  56                  		LD D,[HL]
     449.  00:C160  E1                  		POP HL
     450.  00:C161  ED 52               		SBC HL,DE
     451.  00:C163  DD 75 0D            		LD [IX+(CHNPRM_TnDelt-12)],L
     452.  00:C166  DD 74 0E            		LD [IX+(CHNPRM_TnDelt+1-12)],H
     453.  00:C169  ED 5B 10 F0         		LD DE,[PT3_PrSlide]
     454.  00:C16D  DD 73 FA            		LD [IX+(CHNPRM_CrTnSl-12)],E
     455.  00:C170  DD 72 FB            		LD [IX+(CHNPRM_CrTnSl+1-12)],D
     456.  00:C173  0A                  		LD A,[BC] ;SIGNED TONE STEP
     457.  00:C174  03                  		INC BC
     458.  00:C175  08                  		EX AF,AF'
     459.  00:C176  0A                  		LD A,[BC]
     460.  00:C177  03                  		INC BC
     461.  00:C178  A7                  		AND A
     462.  00:C179  28 01               		JR Z,.NOSIG
     463.  00:C17B  EB                  		EX DE,HL
     464.  00:C17C  ED 52               .NOSIG:	SBC HL,DE
     465.  00:C17E  F2 86 C1            		JP P,SET_STP
     466.  00:C181  2F                  		CPL
     467.  00:C182  08                  		EX AF,AF'
     468.  00:C183  ED 44               		NEG
     469.  00:C185  08                  		EX AF,AF'
     470.  00:C186  DD 77 0C            SET_STP:	LD [IX+(CHNPRM_TSlStp+1-12)],A
     471.  00:C189  08                  		EX AF,AF'
     472.  00:C18A  DD 77 0B            		LD [IX+(CHNPRM_TSlStp-12)],A
     473.  00:C18D  DD 36 FE 00         		LD [IX+(CHNPRM_COnOff-12)],0
     474.  00:C191  C9                  		RET
     475.  00:C192                      
     476.  00:C192  DD CB 09 D6         C_GLISS:	SET 2,[IX+(CHNPRM_Flags-12)]
     477.  00:C196  0A                  		LD A,[BC]
     478.  00:C197  03                  		INC BC
     479.  00:C198  DD 77 0A            		LD [IX+(CHNPRM_TnSlDl-12)],A
     480.  00:C19B  DD 77 F9            		LD [IX+(CHNPRM_TSlCnt-12)],A
     481.  00:C19E  0A                  		LD A,[BC]
     482.  00:C19F  03                  		INC BC
     483.  00:C1A0  08                  		EX AF,AF'
     484.  00:C1A1  0A                  		LD A,[BC]
     485.  00:C1A2  03                  		INC BC
     486.  00:C1A3  18 E1               		JR SET_STP
     487.  00:C1A5                      
     488.  00:C1A5  0A                  C_SMPOS:	LD A,[BC]
     489.  00:C1A6  03                  		INC BC
     490.  00:C1A7  DD 77 F5            		LD [IX+(CHNPRM_PsInSm-12)],A
     491.  00:C1AA  C9                  		RET
     492.  00:C1AB                      
     493.  00:C1AB  0A                  C_ORPOS:	LD A,[BC]
     494.  00:C1AC  03                  		INC BC
     495.  00:C1AD  DD 77 F4            		LD [IX+(CHNPRM_PsInOr-12)],A
     496.  00:C1B0  C9                  		RET
     497.  00:C1B1                      
     498.  00:C1B1  0A                  C_VIBRT:	LD A,[BC]
     499.  00:C1B2  03                  		INC BC
     500.  00:C1B3  DD 77 FF            		LD [IX+(CHNPRM_OnOffD-12)],A
     501.  00:C1B6  DD 77 FE            		LD [IX+(CHNPRM_COnOff-12)],A
     502.  00:C1B9  0A                  		LD A,[BC]
     503.  00:C1BA  03                  		INC BC
     504.  00:C1BB  DD 77 00            		LD [IX+(CHNPRM_OffOnD-12)],A
     505.  00:C1BE  AF                  		XOR A
     506.  00:C1BF  DD 77 F9            		LD [IX+(CHNPRM_TSlCnt-12)],A
     507.  00:C1C2  DD 77 FA            		LD [IX+(CHNPRM_CrTnSl-12)],A
     508.  00:C1C5  DD 77 FB            		LD [IX+(CHNPRM_CrTnSl+1-12)],A
     509.  00:C1C8  C9                  		RET
     510.  00:C1C9                      
     511.  00:C1C9  0A                  C_ENGLS:	LD A,[BC]
     512.  00:C1CA  03                  		INC BC
     513.  00:C1CB  32 1E F0            		LD [PT3_Env_Del],A
     514.  00:C1CE  32 7D F0            		LD [CurEDel],A
     515.  00:C1D1  0A                  		LD A,[BC]
     516.  00:C1D2  03                  		INC BC
     517.  00:C1D3  6F                  		LD L,A
     518.  00:C1D4  0A                  		LD A,[BC]
     519.  00:C1D5  03                  		INC BC
     520.  00:C1D6  67                  		LD H,A
     521.  00:C1D7  22 1F F0            		LD [PT3_ESldAdd],HL
     522.  00:C1DA  C9                  		RET
     523.  00:C1DB                      
     524.  00:C1DB  0A                  C_DELAY:	LD A,[BC]
     525.  00:C1DC  03                  		INC BC
     526.  00:C1DD  32 1C F0            		LD [PT3_Delay],A
     527.  00:C1E0  C9                  		RET
     528.  00:C1E1                      	
     529.  00:C1E1  DD 73 08            SETENV:		LD [IX+(CHNPRM_Env_En-12)],E
     530.  00:C1E4  32 4D F1            		LD [AYREGS+AR_EnvTp],A
     531.  00:C1E7  0A                  		LD A,[BC]
     532.  00:C1E8  03                  		INC BC
     533.  00:C1E9  67                  		LD H,A
     534.  00:C1EA  0A                  		LD A,[BC]
     535.  00:C1EB  03                  		INC BC
     536.  00:C1EC  6F                  		LD L,A
     537.  00:C1ED  22 4E F1            		LD [EnvBase],HL
     538.  00:C1F0  AF                  		XOR A
     539.  00:C1F1  DD 77 F4            		LD [IX+(CHNPRM_PsInOr-12)],A
     540.  00:C1F4  32 7D F0            		LD [CurEDel],A
     541.  00:C1F7  67                  		LD H,A
     542.  00:C1F8  6F                  		LD L,A
     543.  00:C1F9  22 7B F0            		LD [CurESld],HL
     544.  00:C1FC  C9                  C_NOP:		RET
     545.  00:C1FD                      
     546.  00:C1FD  87                  SETORN:		ADD A,A
     547.  00:C1FE  5F                  		LD E,A
     548.  00:C1FF  16 00               		LD D,0
     549.  00:C201  DD 72 F4            		LD [IX+(CHNPRM_PsInOr-12)],D
     550.  00:C204  2A 07 F0            		LD HL,[PT3_OrnPtrs]
     551.  00:C207  19                  		ADD HL,DE
     552.  00:C208  5E                  		LD E,[HL]
     553.  00:C209  23                  		INC HL
     554.  00:C20A  56                  		LD D,[HL]
     555.  00:C20B  2A 01 F0            		LD HL,[PT3_MODADDR]
     556.  00:C20E  19                  		ADD HL,DE
     557.  00:C20F  DD 75 01            		LD [IX+(CHNPRM_OrnPtr-12)],L
     558.  00:C212  DD 74 02            		LD [IX+(CHNPRM_OrnPtr+1-12)],H
     559.  00:C215  C9                  		RET
     560.  00:C216                      
     561.  00:C216                      		;ALL 16 ADDRESSES TO PROTECT FROM BROKEN PT3 MODULES
     562.  00:C216  FC C1               SPCCOMS:	dw C_NOP
     563.  00:C218  92 C1               		dw C_GLISS
     564.  00:C21A  31 C1               		dw C_PORTM
     565.  00:C21C  A5 C1               		dw C_SMPOS
     566.  00:C21E  AB C1               		dw C_ORPOS
     567.  00:C220  B1 C1               		dw C_VIBRT
     568.  00:C222  FC C1               		dw C_NOP
     569.  00:C224  FC C1               		dw C_NOP
     570.  00:C226  C9 C1               		dw C_ENGLS
     571.  00:C228  DB C1               		dw C_DELAY
     572.  00:C22A  FC C1               		dw C_NOP
     573.  00:C22C  FC C1               		dw C_NOP
     574.  00:C22E  FC C1               		dw C_NOP
     575.  00:C230  FC C1               		dw C_NOP
     576.  00:C232  FC C1               		dw C_NOP
     577.  00:C234  FC C1               		dw C_NOP
     578.  00:C236                      
     579.  00:C236  AF                  CHREGS:		XOR A
     580.  00:C237  32 4A F1            		LD [AYREGS+AR_AmplC],A
     581.  00:C23A  DD CB 15 46         		BIT 0,[IX+CHNPRM_Flags]
     582.  00:C23E  E5                  		PUSH HL
     583.  00:C23F  CA 65 C3            		JP Z,.CH_EXIT
     584.  00:C242  ED 73 0B F0         		LD [PT3_CSP],SP
     585.  00:C246  DD 6E 0D            		LD L,[IX+CHNPRM_OrnPtr]
     586.  00:C249  DD 66 0E            		LD H,[IX+CHNPRM_OrnPtr+1]
     587.  00:C24C  F9                  		LD SP,HL
     588.  00:C24D  D1                  		POP DE
     589.  00:C24E  67                  		LD H,A
     590.  00:C24F  DD 7E 00            		LD A,[IX+CHNPRM_PsInOr]
     591.  00:C252  6F                  		LD L,A
     592.  00:C253  39                  		ADD HL,SP
     593.  00:C254  3C                  		INC A
     594.  00:C255  BA                  		CP D
     595.  00:C256  38 01               		JR C,.CH_ORPS
     596.  00:C258  7B                  		LD A,E
     597.  00:C259  DD 77 00            .CH_ORPS:	LD [IX+CHNPRM_PsInOr],A
     598.  00:C25C  DD 7E 12            		LD A,[IX+CHNPRM_Note]
     599.  00:C25F  86                  		ADD A,[HL]
     600.  00:C260  F2 64 C2            		JP P,.CH_NTP
     601.  00:C263  AF                  		XOR A
     602.  00:C264  FE 60               .CH_NTP:	CP 96
     603.  00:C266  38 02               		JR C,.CH_NOK
     604.  00:C268  3E 5F               		LD A,95
     605.  00:C26A  87                  .CH_NOK:	ADD A,A
     606.  00:C26B  08                  		EX AF,AF'
     607.  00:C26C  DD 6E 0F            		LD L,[IX+CHNPRM_SamPtr]
     608.  00:C26F  DD 66 10            		LD H,[IX+CHNPRM_SamPtr+1]
     609.  00:C272  F9                  		LD SP,HL
     610.  00:C273  D1                  		POP DE
     611.  00:C274  26 00               		LD H,0
     612.  00:C276  DD 7E 01            		LD A,[IX+CHNPRM_PsInSm]
     613.  00:C279  47                  		LD B,A
     614.  00:C27A  87                  		ADD A,A
     615.  00:C27B  87                  		ADD A,A
     616.  00:C27C  6F                  		LD L,A
     617.  00:C27D  39                  		ADD HL,SP
     618.  00:C27E  F9                  		LD SP,HL
     619.  00:C27F  78                  		LD A,B
     620.  00:C280  3C                  		INC A
     621.  00:C281  BA                  		CP D
     622.  00:C282  38 01               		JR C,.CH_SMPS
     623.  00:C284  7B                  		LD A,E
     624.  00:C285  DD 77 01            .CH_SMPS:	LD [IX+CHNPRM_PsInSm],A
     625.  00:C288  C1                  		POP BC
     626.  00:C289  E1                  		POP HL
     627.  00:C28A  DD 5E 08            		LD E,[IX+CHNPRM_TnAcc]
     628.  00:C28D  DD 56 09            		LD D,[IX+CHNPRM_TnAcc+1]
     629.  00:C290  19                  		ADD HL,DE
     630.  00:C291  CB 70               		BIT 6,B
     631.  00:C293  28 06               		JR Z,.CH_NOAC
     632.  00:C295  DD 75 08            		LD [IX+CHNPRM_TnAcc],L
     633.  00:C298  DD 74 09            		LD [IX+CHNPRM_TnAcc+1],H
     634.  00:C29B  EB                  .CH_NOAC:	EX DE,HL
     635.  00:C29C  08                  		EX AF,AF'
     636.  00:C29D  6F                  		LD L,A
     637.  00:C29E  26 00               		LD H,0
     638.  00:C2A0  31 80 F0            		LD SP,NT_
     639.  00:C2A3  39                  		ADD HL,SP
     640.  00:C2A4  F9                  		LD SP,HL
     641.  00:C2A5  E1                  		POP HL
     642.  00:C2A6  19                  		ADD HL,DE
     643.  00:C2A7  DD 5E 06            		LD E,[IX+CHNPRM_CrTnSl]
     644.  00:C2AA  DD 56 07            		LD D,[IX+CHNPRM_CrTnSl+1]
     645.  00:C2AD  19                  		ADD HL,DE
     646.  00:C2AE  ED 7B 0B F0         		LD SP,[PT3_CSP]
     647.  00:C2B2  E3                  		EX [SP],HL
     648.  00:C2B3  AF                  		XOR A
     649.  00:C2B4  DD B6 05            		OR [IX+CHNPRM_TSlCnt]
     650.  00:C2B7  28 3E               		JR Z,.CH_AMP
     651.  00:C2B9  DD 35 05            		DEC [IX+CHNPRM_TSlCnt]
     652.  00:C2BC  20 39               		JR NZ,.CH_AMP
     653.  00:C2BE  DD 7E 16            		LD A,[IX+CHNPRM_TnSlDl]
     654.  00:C2C1  DD 77 05            		LD [IX+CHNPRM_TSlCnt],A
     655.  00:C2C4  DD 6E 17            		LD L,[IX+CHNPRM_TSlStp]
     656.  00:C2C7  DD 66 18            		LD H,[IX+CHNPRM_TSlStp+1]
     657.  00:C2CA  7C                  		LD A,H
     658.  00:C2CB  19                  		ADD HL,DE
     659.  00:C2CC  DD 75 06            		LD [IX+CHNPRM_CrTnSl],L
     660.  00:C2CF  DD 74 07            		LD [IX+CHNPRM_CrTnSl+1],H
     661.  00:C2D2  DD CB 15 56         		BIT 2,[IX+CHNPRM_Flags]
     662.  00:C2D6  20 1F               		JR NZ,.CH_AMP
     663.  00:C2D8  DD 5E 19            		LD E,[IX+CHNPRM_TnDelt]
     664.  00:C2DB  DD 56 1A            		LD D,[IX+CHNPRM_TnDelt+1]
     665.  00:C2DE  A7                  		AND A
     666.  00:C2DF  28 01               		JR Z,.CH_STPP
     667.  00:C2E1  EB                  		EX DE,HL
     668.  00:C2E2  ED 52               .CH_STPP:	SBC HL,DE
     669.  00:C2E4  FA F7 C2            		JP M,.CH_AMP
     670.  00:C2E7  DD 7E 13            		LD A,[IX+CHNPRM_SlToNt]
     671.  00:C2EA  DD 77 12            		LD [IX+CHNPRM_Note],A
     672.  00:C2ED  AF                  		XOR A
     673.  00:C2EE  DD 77 05            		LD [IX+CHNPRM_TSlCnt],A
     674.  00:C2F1  DD 77 06            		LD [IX+CHNPRM_CrTnSl],A
     675.  00:C2F4  DD 77 07            		LD [IX+CHNPRM_CrTnSl+1],A
     676.  00:C2F7  DD 7E 02            .CH_AMP:	LD A,[IX+CHNPRM_CrAmSl]
     677.  00:C2FA  CB 79               		BIT 7,C
     678.  00:C2FC  28 13               		JR Z,.CH_NOAM
     679.  00:C2FE  CB 71               		BIT 6,C
     680.  00:C300  28 07               		JR Z,.CH_AMIN
     681.  00:C302  FE 0F               		CP 15
     682.  00:C304  28 0B               		JR Z,.CH_NOAM
     683.  00:C306  3C                  		INC A
     684.  00:C307  18 05               		JR .CH_SVAM
     685.  00:C309  FE F1               .CH_AMIN:	CP -15
     686.  00:C30B  28 04               		JR Z,.CH_NOAM
     687.  00:C30D  3D                  		DEC A
     688.  00:C30E  DD 77 02            .CH_SVAM:	LD [IX+CHNPRM_CrAmSl],A
     689.  00:C311  6F                  .CH_NOAM:	LD L,A
     690.  00:C312  78                  		LD A,B
     691.  00:C313  E6 0F               		AND 15
     692.  00:C315  85                  		ADD A,L
     693.  00:C316  F2 1A C3            		JP P,.CH_APOS
     694.  00:C319  AF                  		XOR A
     695.  00:C31A  FE 10               .CH_APOS:	CP 16
     696.  00:C31C  38 02               		JR C,.CH_VOL
     697.  00:C31E  3E 0F               		LD A,15
     698.  00:C320  DD B6 1C            .CH_VOL:	OR [IX+CHNPRM_Volume]
     699.  00:C323  6F                  		LD L,A
     700.  00:C324  26 00               		LD H,0
     701.  00:C326  11 40 F1            		LD DE,VT_
     702.  00:C329  19                  		ADD HL,DE
     703.  00:C32A  7E                  		LD A,[HL]
     704.  00:C32B  CB 41               .CH_ENV:	BIT 0,C
     705.  00:C32D  20 03               		JR NZ,.CH_NOEN
     706.  00:C32F  DD B6 14            		OR [IX+CHNPRM_Env_En]
     707.  00:C332  32 4A F1            .CH_NOEN:	LD [AYREGS+AR_AmplC],A
     708.  00:C335  CB 78               		BIT 7,B
     709.  00:C337  79                  		LD A,C
     710.  00:C338  28 19               		JR Z,.NO_ENSL
     711.  00:C33A  17                  		RLA
     712.  00:C33B  17                  		RLA
     713.  00:C33C  CB 2F               		SRA A
     714.  00:C33E  CB 2F               		SRA A
     715.  00:C340  CB 2F               		SRA A
     716.  00:C342  DD 86 04            		ADD A,[IX+CHNPRM_CrEnSl] ;SEE COMMENT BELOW
     717.  00:C345  CB 68               		BIT 5,B
     718.  00:C347  28 03               		JR Z,.NO_ENAC
     719.  00:C349  DD 77 04            		LD [IX+CHNPRM_CrEnSl],A
     720.  00:C34C  21 1D F0            .NO_ENAC:	LD HL,PT3_AddToEn
     721.  00:C34F  86                  		ADD A,[HL] ;BUG IN PT3 - NEED WORD HERE.
     722.  00:C350                      			   ;FIX IT IN NEXT VERSION?
     723.  00:C350  77                  		LD [HL],A
     724.  00:C351  18 0E               		JR .CH_MIX
     725.  00:C353  1F                  .NO_ENSL:	RRA
     726.  00:C354  DD 86 03            		ADD A,[IX+CHNPRM_CrNsSl]
     727.  00:C357  32 7F F0            		LD [AddToNs],A
     728.  00:C35A  CB 68               		BIT 5,B
     729.  00:C35C  28 03               		JR Z,.CH_MIX
     730.  00:C35E  DD 77 03            		LD [IX+CHNPRM_CrNsSl],A
     731.  00:C361  78                  .CH_MIX:	LD A,B
     732.  00:C362  1F                  		RRA
     733.  00:C363  E6 48               		AND $48
     734.  00:C365  21 47 F1            .CH_EXIT:	LD HL,AYREGS+AR_Mixer
     735.  00:C368  B6                  		OR [HL]
     736.  00:C369  0F                  		RRCA
     737.  00:C36A  77                  		LD [HL],A
     738.  00:C36B  E1                  		POP HL
     739.  00:C36C  AF                  		XOR A
     740.  00:C36D  DD B6 0A            		OR [IX+CHNPRM_COnOff]
     741.  00:C370  C8                  		RET Z
     742.  00:C371  DD 35 0A            		DEC [IX+CHNPRM_COnOff]
     743.  00:C374  C0                  		RET NZ
     744.  00:C375  DD AE 15            		XOR [IX+CHNPRM_Flags]
     745.  00:C378  DD 77 15            		LD [IX+CHNPRM_Flags],A
     746.  00:C37B  1F                  		RRA
     747.  00:C37C  DD 7E 0B            		LD A,[IX+CHNPRM_OnOffD]
     748.  00:C37F  38 03               		JR C,.CH_ONDL
     749.  00:C381  DD 7E 0C            		LD A,[IX+CHNPRM_OffOnD]
     750.  00:C384  DD 77 0A            .CH_ONDL:	LD [IX+CHNPRM_COnOff],A
     751.  00:C387  C9                  		RET
     752.  00:C388                      
     753.  00:C388  AF                  PT3_PLAY:	XOR A
     754.  00:C389  32 1D F0            		LD [PT3_AddToEn],A
     755.  00:C38C  32 47 F1            		LD [AYREGS+AR_Mixer],A
     756.  00:C38F  3D                  		DEC A
     757.  00:C390  32 4D F1            		LD [AYREGS+AR_EnvTp],A
     758.  00:C393  21 7A F0            		LD HL,DelyCnt
     759.  00:C396  35                  		DEC [HL]
     760.  00:C397  C2 1E C4            		JP NZ,.PL2
     761.  00:C39A  21 3E F0            		LD HL,ChanA+CHNPRM_NtSkCn
     762.  00:C39D  35                  		DEC [HL]
     763.  00:C39E  20 4E               		JR NZ,.PL1B
     764.  00:C3A0  ED 4B 12 F0         		LD BC,[PT3_AdInPtA]
     765.  00:C3A4  0A                  		LD A,[BC]
     766.  00:C3A5  A7                  		AND A
     767.  00:C3A6  20 3B               		JR NZ,.PL1A
     768.  00:C3A8  57                  		LD D,A
     769.  00:C3A9  32 7E F0            		LD [Ns_Base],A
     770.  00:C3AC  2A 03 F0            		LD HL,[PT3_CrPsPtr]
     771.  00:C3AF  23                  		INC HL
     772.  00:C3B0  7E                  		LD A,[HL]
     773.  00:C3B1  3C                  		INC A
     774.  00:C3B2  20 08               		JR NZ,.PLNLP
     775.  00:C3B4  CD 1E BF            		CALL CHECKLP
     776.  00:C3B7  2A 18 F0            		LD HL,[PT3_LPosPtr]
     777.  00:C3BA  7E                  		LD A,[HL]
     778.  00:C3BB  3C                  		INC A
     779.  00:C3BC  22 03 F0            .PLNLP:	LD [PT3_CrPsPtr],HL
     780.  00:C3BF  3D                  		DEC A
     781.  00:C3C0  87                  		ADD A,A
     782.  00:C3C1  5F                  		LD E,A
     783.  00:C3C2  CB 12               		RL D
     784.  00:C3C4  2A 1A F0            		LD HL,[PT3_PatsPtr]
     785.  00:C3C7  19                  		ADD HL,DE
     786.  00:C3C8  ED 5B 01 F0         		LD DE,[PT3_MODADDR]
     787.  00:C3CC  ED 73 0D F0         		LD [PT3_PSP],SP
     788.  00:C3D0  F9                  		LD SP,HL
     789.  00:C3D1  E1                  		POP HL
     790.  00:C3D2  19                  		ADD HL,DE
     791.  00:C3D3  44                  		LD B,H
     792.  00:C3D4  4D                  		LD C,L
     793.  00:C3D5  E1                  		POP HL
     794.  00:C3D6  19                  		ADD HL,DE
     795.  00:C3D7  22 14 F0            		LD [PT3_AdInPtB],HL
     796.  00:C3DA  E1                  		POP HL
     797.  00:C3DB  19                  		ADD HL,DE
     798.  00:C3DC  22 16 F0            		LD [PT3_AdInPtC],HL
     799.  00:C3DF  ED 7B 0D F0         		LD SP,[PT3_PSP]
     800.  00:C3E3                      
     801.  00:C3E3  DD 21 2F F0         .PL1A:		LD IX,ChanA+12
     802.  00:C3E7  CD C6 C0            		CALL PTDECOD
     803.  00:C3EA  ED 43 12 F0         		LD [PT3_AdInPtA],BC
     804.  00:C3EE                      
     805.  00:C3EE  21 5B F0            .PL1B:		LD HL,ChanB+CHNPRM_NtSkCn
     806.  00:C3F1  35                  		DEC [HL]
     807.  00:C3F2  20 0F               		JR NZ,.PL1C
     808.  00:C3F4  DD 21 4C F0         		LD IX,ChanB+12
     809.  00:C3F8  ED 4B 14 F0         		LD BC,[PT3_AdInPtB]
     810.  00:C3FC  CD C6 C0            		CALL PTDECOD
     811.  00:C3FF  ED 43 14 F0         		LD [PT3_AdInPtB],BC
     812.  00:C403                      
     813.  00:C403  21 78 F0            .PL1C:		LD HL,ChanC+CHNPRM_NtSkCn
     814.  00:C406  35                  		DEC [HL]
     815.  00:C407  20 0F               		JR NZ,.PL1D
     816.  00:C409  DD 21 69 F0         		LD IX,ChanC+12
     817.  00:C40D  ED 4B 16 F0         		LD BC,[PT3_AdInPtC]
     818.  00:C411  CD C6 C0            		CALL PTDECOD
     819.  00:C414  ED 43 16 F0         		LD [PT3_AdInPtC],BC
     820.  00:C418                      
     821.  00:C418  3A 1C F0            .PL1D:		LD A,[PT3_Delay]
     822.  00:C41B  32 7A F0            		LD [DelyCnt],A
     823.  00:C41E                      
     824.  00:C41E  DD 21 23 F0         .PL2:		LD IX,ChanA
     825.  00:C422  2A 40 F1            		LD HL,[AYREGS+AR_TonA]
     826.  00:C425  CD 36 C2            		CALL CHREGS
     827.  00:C428  22 40 F1            		LD [AYREGS+AR_TonA],HL
     828.  00:C42B  3A 4A F1            		LD A,[AYREGS+AR_AmplC]
     829.  00:C42E  32 48 F1            		LD [AYREGS+AR_AmplA],A
     830.  00:C431  DD 21 40 F0         		LD IX,ChanB
     831.  00:C435  2A 42 F1            		LD HL,[AYREGS+AR_TonB]
     832.  00:C438  CD 36 C2            		CALL CHREGS
     833.  00:C43B  22 42 F1            		LD [AYREGS+AR_TonB],HL
     834.  00:C43E  3A 4A F1            		LD A,[AYREGS+AR_AmplC]
     835.  00:C441  32 49 F1            		LD [AYREGS+AR_AmplB],A
     836.  00:C444  DD 21 5D F0         		LD IX,ChanC
     837.  00:C448  2A 44 F1            		LD HL,[AYREGS+AR_TonC]
     838.  00:C44B  CD 36 C2            		CALL CHREGS
     839.  00:C44E  22 44 F1            		LD [AYREGS+AR_TonC],HL
     840.  00:C451                      
     841.  00:C451  2A 7E F0            		LD HL,[Ns_Base_AddToNs]
     842.  00:C454  7C                  		LD A,H
     843.  00:C455  85                  		ADD A,L
     844.  00:C456  32 46 F1            		LD [AYREGS+AR_Noise],A
     845.  00:C459                      
     846.  00:C459  3A 1D F0            		LD A,[PT3_AddToEn]
     847.  00:C45C  5F                  		LD E,A
     848.  00:C45D  87                  		ADD A,A
     849.  00:C45E  9F                  		SBC A,A
     850.  00:C45F  57                  		LD D,A
     851.  00:C460  2A 4E F1            		LD HL,[EnvBase]
     852.  00:C463  19                  		ADD HL,DE
     853.  00:C464  ED 5B 7B F0         		LD DE,[CurESld]
     854.  00:C468  19                  		ADD HL,DE
     855.  00:C469  22 4B F1            		LD [AYREGS+AR_Env],HL
     856.  00:C46C                      
     857.  00:C46C  AF                  		XOR A
     858.  00:C46D  21 7D F0            		LD HL,CurEDel
     859.  00:C470  B6                  		OR [HL]
     860.  00:C471  C8                  		RET Z
     861.  00:C472  35                  		DEC [HL]
     862.  00:C473  C0                  		RET NZ
     863.  00:C474  3A 1E F0            		LD A,[PT3_Env_Del]
     864.  00:C477  77                  		LD [HL],A
     865.  00:C478  2A 1F F0            		LD HL,[PT3_ESldAdd]
     866.  00:C47B  19                  		ADD HL,DE
     867.  00:C47C  22 7B F0            		LD [CurESld],HL
     868.  00:C47F  C9                  		RET
     869.  00:C480                      
     870.  00:C480  AF                  PT3_ROUT:	XOR A
     871.  00:C481                      	
     872.  00:C481                      ROUT_A0:	; --- FIXES BITS 6 AND 7 OF MIXER ---
     873.  00:C481  21 47 F1            		LD	HL,AYREGS+AR_Mixer
     874.  00:C484  CB FE               		set	7,[hl]
     875.  00:C486  CB B6               		res	6,[hl]
     876.  00:C488                      
     877.  00:C488  0E A0               		LD C,$A0
     878.  00:C48A  21 40 F1            		LD HL,AYREGS
     879.  00:C48D  ED 79               .LOUT:		OUT [C],A
     880.  00:C48F  0C                  		INC C
     881.  00:C490  ED A3               		OUTI 
     882.  00:C492  0D                  		DEC C
     883.  00:C493  3C                  		INC A
     884.  00:C494  FE 0D               		CP 13
     885.  00:C496  20 F5               		JR NZ,.LOUT
     886.  00:C498  ED 79               		OUT [C],A
     887.  00:C49A  7E                  		LD A,[HL]
     888.  00:C49B  A7                  		AND A
     889.  00:C49C  F8                  		RET M
     890.  00:C49D  0C                  		INC C
     891.  00:C49E  ED 79               		OUT [C],A
     892.  00:C4A0  C9                  		RET
     893.  00:C4A1                      
     894.  00:C4A1  64                  NT_DATA:	db (T_NEW_0-T1_)*2
     895.  00:C4A2  2A                  		db TCNEW_0-T_
     896.  00:C4A3  65                  		db (T_OLD_0-T1_)*2+1
     897.  00:C4A4  00                  		db TCOLD_0-T_
     898.  00:C4A5  01                  		db (T_NEW_1-T1_)*2+1
     899.  00:C4A6  0C                  		db TCNEW_1-T_
     900.  00:C4A7  01                  		db (T_OLD_1-T1_)*2+1
     901.  00:C4A8  0C                  		db TCOLD_1-T_
     902.  00:C4A9  94                  		db (T_NEW_2-T1_)*2
     903.  00:C4AA  35                  		db TCNEW_2-T_
     904.  00:C4AB  30                  		db (T_OLD_2-T1_)*2
     905.  00:C4AC  0E                  		db TCOLD_2-T_
     906.  00:C4AD  60                  		db (T_NEW_3-T1_)*2
     907.  00:C4AE  20                  		db TCNEW_3-T_
     908.  00:C4AF  60                  		db (T_OLD_3-T1_)*2
     909.  00:C4B0  21                  		db TCOLD_3-T_
     910.  00:C4B1                      
     911.  00:C4B1                      T_:
     912.  00:C4B1                      
     913.  00:C4B1                      TCOLD_0:	db $00+1,$04+1,$08+1,$0A+1,$0C+1,$0E+1,$12+1,$14+1
     913.  00:C4B1  01 05 09 0B 0D 0F 13 15 
     914.  00:C4B9  19 25 3D 00         		db $18+1,$24+1,$3C+1,0
     915.  00:C4BD                      TCNEW_1:	
     916.  00:C4BD  5D 00               TCOLD_1:	db $5C+1,0
     917.  00:C4BF                      TCOLD_2:	db $30+1,$36+1,$4C+1,$52+1,$5E+1,$70+1,$82,$8C,$9C
     917.  00:C4BF  31 37 4D 53 5F 71 82 8C 9C 
     918.  00:C4C8                      		db $9E,$A0,$A6,$A8,$AA,$AC,$AE,$AE,0
     918.  00:C4C8  9E A0 A6 A8 AA AC AE AE 00 
     919.  00:C4D1  57                  TCNEW_3:	db $56+1
     920.  00:C4D2                      TCOLD_3:	db $1E+1,$22+1,$24+1,$28+1,$2C+1,$2E+1,$32+1,$BE+1,0
     920.  00:C4D2  1F 23 25 29 2D 2F 33 BF 00 
     921.  00:C4DB                      TCNEW_0:	db $1C+1,$20+1,$22+1,$26+1,$2A+1,$2C+1,$30+1,$54+1
     921.  00:C4DB  1D 21 23 27 2B 2D 31 55 
     922.  00:C4E3  BD BF 00            		db $BC+1,$BE+1,0
     923.  00:C4E6                      TCNEW_2:	db $1A+1,$20+1,$24+1,$28+1,$2A+1,$3A+1,$4C+1,$5E+1
     923.  00:C4E6  1B 21 25 29 2B 3B 4D 5F 
     924.  00:C4EE  BB BD BF            		db $BA+1,$BC+1,$BE+1
     925.  00:C4F1                      
     926.  00:C4F1  00 01 00 90         EMPTYSAMORN: 	db 0,1,0,$90 ;delete $90 if you don't need default sample
     927.  00:C4F5                      
     928.  00:C4F5                      T_PACK:		; First 12 values of tone tables (packed)
     929.  00:C4F5  0D                  		db ($06EC*2)/256
     930.  00:C4F6  D8                  		db #d8
     931.  00:C4F7  69                  		db $0755-$06EC
     932.  00:C4F8  70                  		db $07C5-$0755
     933.  00:C4F9  76                  		db $083B-$07C5
     934.  00:C4FA  7D                  		db $08B8-$083B
     935.  00:C4FB  85                  		db $093D-$08B8
     936.  00:C4FC  8D                  		db $09CA-$093D
     937.  00:C4FD  95                  		db $0A5F-$09CA
     938.  00:C4FE  9D                  		db $0AFC-$0A5F
     939.  00:C4FF  A8                  		db $0BA4-$0AFC
     940.  00:C500  B1                  		db $0C55-$0BA4
     941.  00:C501  BB                  		db $0D10-$0C55
     942.  00:C502  0C                  		db ($066D*2)/256
     943.  00:C503  DA                  		db #da
     944.  00:C504  62                  		db $06CF-$066D
     945.  00:C505  68                  		db $0737-$06CF
     946.  00:C506  6D                  		db $07A4-$0737
     947.  00:C507  75                  		db $0819-$07A4
     948.  00:C508  7B                  		db $0894-$0819
     949.  00:C509  83                  		db $0917-$0894
     950.  00:C50A  8A                  		db $09A1-$0917
     951.  00:C50B  92                  		db $0A33-$09A1
     952.  00:C50C  9C                  		db $0ACF-$0A33
     953.  00:C50D  A4                  		db $0B73-$0ACF
     954.  00:C50E  AF                  		db $0C22-$0B73
     955.  00:C50F  B8                  		db $0CDA-$0C22
     956.  00:C510  0E                  		db ($0704*2)/256
     957.  00:C511  08                  		db #08
     958.  00:C512  6A                  		db $076E-$0704
     959.  00:C513  72                  		db $07E0-$076E
     960.  00:C514  78                  		db $0858-$07E0
     961.  00:C515  7E                  		db $08D6-$0858
     962.  00:C516  86                  		db $095C-$08D6
     963.  00:C517  90                  		db $09EC-$095C
     964.  00:C518  96                  		db $0A82-$09EC
     965.  00:C519  A0                  		db $0B22-$0A82
     966.  00:C51A  AA                  		db $0BCC-$0B22
     967.  00:C51B  B4                  		db $0C80-$0BCC
     968.  00:C51C  BE                  		db $0D3E-$0C80
     969.  00:C51D  0F                  		db ($07E0*2)/256
     970.  00:C51E  C0                  		db #c0
     971.  00:C51F  78                  		db $0858-$07E0
     972.  00:C520  88                  		db $08E0-$0858
     973.  00:C521  80                  		db $0960-$08E0
     974.  00:C522  90                  		db $09F0-$0960
     975.  00:C523  98                  		db $0A88-$09F0
     976.  00:C524  A0                  		db $0B28-$0A88
     977.  00:C525  B0                  		db $0BD8-$0B28
     978.  00:C526  A8                  		db $0C80-$0BD8
     979.  00:C527  E0                  		db $0D60-$0C80
     980.  00:C528  B0                  		db $0E10-$0D60
     981.  00:C529  E8                  		db $0EF8-$0E10
     982.  00:C52A                      
     983.  00:C52A                      
     984.  00:C52A                      
     985.  00:C52A                      
     986.  00:C52A                      
     987.  00:C52A                      
     988.  00:C52A                      
     989.  00:C52A                      
     990.  00:C52A                      
     991.  00:C52A                      
     992.  00:C52A                      
     993.  00:C52A                      
     994.  00:C52A                      
     995.  00:C52A                      	;Variables del replayer... las coloco desde aqui.
     996.  00:C52A                      	;mirar que hace la directiva MAP del SJASM
     997.  00:C52A  (F000)              	map		#f000
     998.  00:C52A                      
     999.  00:C52A                      ;;;;;;;;;;;;;;;;;;;;;;;;;;;;;;;;;;;;;;PT3 REPLAYER
    1000.  00:C52A  (00:F000)           PT3_SETUP:		#1	;set bit0 to 1, if you want to play without looping
    1001.  00:C52A                      					;bit7 is set each time, when loop point is passed
    1002.  00:C52A  (00:F001)           PT3_MODADDR:	#2
    1003.  00:C52A  (00:F003)           PT3_CrPsPtr:		#2
    1004.  00:C52A  (00:F005)           PT3_SAMPTRS:		#2
    1005.  00:C52A  (00:F007)           PT3_OrnPtrs:		#2
    1006.  00:C52A  (00:F009)           PT3_PDSP:		#2
    1007.  00:C52A  (00:F00B)           PT3_CSP:		#2 
    1008.  00:C52A  (00:F00D)           PT3_PSP:		#2
    1009.  00:C52A  (00:F00F)           PT3_PrNote:		#1
    1010.  00:C52A  (00:F010)           PT3_PrSlide:		#2
    1011.  00:C52A  (00:F012)           PT3_AdInPtA:		#2
    1012.  00:C52A  (00:F014)           PT3_AdInPtB:		#2
    1013.  00:C52A  (00:F016)           PT3_AdInPtC:		#2
    1014.  00:C52A  (00:F018)           PT3_LPosPtr:		#2
    1015.  00:C52A  (00:F01A)           PT3_PatsPtr:		#2
    1016.  00:C52A  (00:F01C)           PT3_Delay:		#1
    1017.  00:C52A  (00:F01D)           PT3_AddToEn:		#1
    1018.  00:C52A  (00:F01E)           PT3_Env_Del:		#1
    1019.  00:C52A  (00:F01F)           PT3_ESldAdd:		#2
    1020.  00:C52A  (00:F021)           PT3_NTL3:		#2	; AND A / NOP (note table creator)
    1021.  00:C52A                      
    1022.  00:C52A  (00:F023)           VARS:			#0
    1023.  00:C52A                      
    1024.  00:C52A  (00:F023)           ChanA:			#29			;CHNPRM_Size
    1025.  00:C52A  (00:F040)           ChanB:			#29			;CHNPRM_Size
    1026.  00:C52A  (00:F05D)           ChanC:			#29			;CHNPRM_Size
    1027.  00:C52A                      
    1028.  00:C52A                      ;GlobalVars
    1029.  00:C52A  (00:F07A)           DelyCnt:		#1
    1030.  00:C52A  (00:F07B)           CurESld:		#2
    1031.  00:C52A  (00:F07D)           CurEDel:		#1
    1032.  00:C52A  (00:F07E)           Ns_Base_AddToNs:	#0
    1033.  00:C52A  (00:F07E)           Ns_Base:		#1
    1034.  00:C52A  (00:F07F)           AddToNs:		#1
    1035.  00:C52A                      
    1036.  00:C52A  (00:F080)           NT_:			#192	; Puntero a/tabla de frecuencias
    1037.  00:C52A                      
    1038.  00:C52A  (00:F140)           AYREGS:			#0
    1039.  00:C52A  (00:F140)           VT_:			#14
    1040.  00:C52A  (00:F14E)           EnvBase:		#2
    1041.  00:C52A  (00:F150)           VAR0END:		#0
    1042.  00:C52A                      
    1043.  00:C52A  (00:F150)           T1_:			#0		
    1044.  00:C52A  (00:F150)           T_NEW_1:		#0
    1045.  00:C52A  (00:F150)           T_OLD_1:		#24
    1046.  00:C52A  (00:F168)           T_OLD_2:		#24
    1047.  00:C52A  (00:F180)           T_NEW_3:		#0
    1048.  00:C52A  (00:F180)           T_OLD_3:		#2
    1049.  00:C52A  (00:F182)           T_OLD_0:		#0
    1050.  00:C52A  (00:F182)           T_NEW_0:		#24
    1051.  00:C52A  (00:F19A)           T_NEW_2:		#166
    1052.  00:C52A                      ;;;;;;;;;;;;;;;;;;;;;;;;;;;;;;;;;;;;;;PT3 REPLAYER END
      40   00:C52A                      SONG:
      41   00:C52A  (01DE)              	incbin "./src/song.pt3"			;musica de ejemplo
      42   00:C708                      
      43   00:C708  00                  contador: db 0
      44   00:C709                      
      45   00:C709                      FINAL:
      46   00:C709                      
      47   00:C709                      
      48   00:C709                      
      49   00:C709                      
      50   00:C709                      
      51   00:C709                      
      52   00:C709                      
      53   00:C709                      
      54   00:C709                      
      55   00:C709                      
      56   00:C709                      

    LABELS
-------------------------------------------------
00:0000BF00   INICIO
00:0000BF00 X inicilizar_tracker
00:0000BF09 X reproducir_bloque_musica
00:0000BF13 X para_cancion
00:0000BF17 X evitar_repeticion_cancion
00:0000BF1E X tracker
00:00000000   CHNPRM_PsInOr
00:00000001   CHNPRM_PsInSm
00:00000002   CHNPRM_CrAmSl
00:00000003   CHNPRM_CrNsSl
00:00000004   CHNPRM_CrEnSl
00:00000005   CHNPRM_TSlCnt
00:00000006   CHNPRM_CrTnSl
00:00000008   CHNPRM_TnAcc
00:0000000A   CHNPRM_COnOff
00:0000000B   CHNPRM_OnOffD
00:0000000C   CHNPRM_OffOnD
00:0000000D   CHNPRM_OrnPtr
00:0000000F   CHNPRM_SamPtr
00:00000011   CHNPRM_NNtSkp
00:00000012   CHNPRM_Note
00:00000013   CHNPRM_SlToNt
00:00000014   CHNPRM_Env_En
00:00000015   CHNPRM_Flags
00:00000016   CHNPRM_TnSlDl
00:00000017   CHNPRM_TSlStp
00:00000019   CHNPRM_TnDelt
00:0000001B   CHNPRM_NtSkCn
00:0000001C   CHNPRM_Volume
00:0000001D X CHNPRM_Size
00:00000000   AR_TonA
00:00000002   AR_TonB
00:00000004   AR_TonC
00:00000006   AR_Noise
00:00000007   AR_Mixer
00:00000008   AR_AmplA
00:00000009   AR_AmplB
00:0000000A   AR_AmplC
00:0000000B   AR_Env
00:0000000D   AR_EnvTp
00:0000BF1E   CHECKLP
00:0000BF2F   PT3_MUTE
00:0000BF3B   PT3_INIT
00:0000BF7A   PT3_INIT.TP_0
00:0000BF86   PT3_INIT.TP_1
00:0000BF8D   PT3_INIT.TP_2
00:0000BFFB   PT3_INIT.L1
00:0000C008   PT3_INIT.L2
00:0000C00C X PT3_INIT.L3
00:0000C033   PT3_INIT.CORR_1
00:0000C041   PT3_INIT.CORR_2
00:0000C048   PT3_INIT.TC_EXIT
00:0000C053   PT3_INIT.INITV1
00:0000C05B   PT3_INIT.INITV2
00:0000C06F   PT3_INIT.INITV3
00:0000C073   PD_OrSm
00:0000C07D   PD_SAM
00:0000C07E   PD_SAM_
00:0000C094   PD_VOL
00:0000C09D   PD_EOff
00:0000C0A5   PD_SorE
00:0000C0AF   PD_ENV
00:0000C0B4   PD_ORN
00:0000C0B9   PD_ESAM
00:0000C0C6   PTDECOD
00:0000C0D5   PD_LOOP
00:0000C0D8   PD_LP2
00:0000C105   PD_NOIS
00:0000C10A   PD_REL
00:0000C110   PD_NOTE
00:0000C118   PD_RES
00:0000C12A   PD_FIN
00:0000C131   C_PORTM
00:0000C17C   C_PORTM.NOSIG
00:0000C186   SET_STP
00:0000C192   C_GLISS
00:0000C1A5   C_SMPOS
00:0000C1AB   C_ORPOS
00:0000C1B1   C_VIBRT
00:0000C1C9   C_ENGLS
00:0000C1DB   C_DELAY
00:0000C1E1   SETENV
00:0000C1FC   C_NOP
00:0000C1FD   SETORN
00:0000C216   SPCCOMS
00:0000C236   CHREGS
00:0000C259   CHREGS.CH_ORPS
00:0000C264   CHREGS.CH_NTP
00:0000C26A   CHREGS.CH_NOK
00:0000C285   CHREGS.CH_SMPS
00:0000C29B   CHREGS.CH_NOAC
00:0000C2E2   CHREGS.CH_STPP
00:0000C2F7   CHREGS.CH_AMP
00:0000C309   CHREGS.CH_AMIN
00:0000C30E   CHREGS.CH_SVAM
00:0000C311   CHREGS.CH_NOAM
00:0000C31A   CHREGS.CH_APOS
00:0000C320   CHREGS.CH_VOL
00:0000C32B X CHREGS.CH_ENV
00:0000C332   CHREGS.CH_NOEN
00:0000C34C   CHREGS.NO_ENAC
00:0000C353   CHREGS.NO_ENSL
00:0000C361   CHREGS.CH_MIX
00:0000C365   CHREGS.CH_EXIT
00:0000C384   CHREGS.CH_ONDL
00:0000C388   PT3_PLAY
00:0000C3BC   PT3_PLAY.PLNLP
00:0000C3E3   PT3_PLAY.PL1A
00:0000C3EE   PT3_PLAY.PL1B
00:0000C403   PT3_PLAY.PL1C
00:0000C418   PT3_PLAY.PL1D
00:0000C41E   PT3_PLAY.PL2
00:0000C480   PT3_ROUT
00:0000C481   ROUT_A0
00:0000C48D   ROUT_A0.LOUT
00:0000C4A1   NT_DATA
00:0000C4B1   T_
00:0000C4B1   TCOLD_0
00:0000C4BD   TCNEW_1
00:0000C4BD   TCOLD_1
00:0000C4BF   TCOLD_2
00:0000C4D1   TCNEW_3
00:0000C4D2   TCOLD_3
00:0000C4DB   TCNEW_0
00:0000C4E6   TCNEW_2
00:0000C4F1   EMPTYSAMORN
00:0000C4F5   T_PACK
00:0000F000   PT3_SETUP
00:0000F001   PT3_MODADDR
00:0000F003   PT3_CrPsPtr
00:0000F005   PT3_SAMPTRS
00:0000F007   PT3_OrnPtrs
00:0000F009   PT3_PDSP
00:0000F00B   PT3_CSP
00:0000F00D   PT3_PSP
00:0000F00F   PT3_PrNote
00:0000F010   PT3_PrSlide
00:0000F012   PT3_AdInPtA
00:0000F014   PT3_AdInPtB
00:0000F016   PT3_AdInPtC
00:0000F018   PT3_LPosPtr
00:0000F01A   PT3_PatsPtr
00:0000F01C   PT3_Delay
00:0000F01D   PT3_AddToEn
00:0000F01E   PT3_Env_Del
00:0000F01F   PT3_ESldAdd
00:0000F021   PT3_NTL3
00:0000F023   VARS
00:0000F023   ChanA
00:0000F040   ChanB
00:0000F05D   ChanC
00:0000F07A   DelyCnt
00:0000F07B   CurESld
00:0000F07D   CurEDel
00:0000F07E   Ns_Base_AddToNs
00:0000F07E   Ns_Base
00:0000F07F   AddToNs
00:0000F080   NT_
00:0000F140   AYREGS
00:0000F140   VT_
00:0000F14E   EnvBase
00:0000F150   VAR0END
00:0000F150   T1_
00:0000F150   T_NEW_1
00:0000F150   T_OLD_1
00:0000F168   T_OLD_2
00:0000F180   T_NEW_3
00:0000F180   T_OLD_3
00:0000F182   T_OLD_0
00:0000F182   T_NEW_0
00:0000F19A   T_NEW_2
00:0000C52A   SONG
00:0000C708 X contador
00:0000C709   FINAL


 Output: src/music.out
-------------------------------------------------

 Page: 00
  Org: 0000BF00  Size: *  Used: 00000000

    No output

 Output: music.bin
-------------------------------------------------

 Page: 00
  Org: 0000BF00  Size: *  Used: 00000810

   Address   Length Align   Label
   0000BF00    2064         INICIO
